// Bun Snapshot v1, https://goo.gl/fbAQLP

exports[`Environment Loader should throw error when decryption fails 1`] = `"Failed to load encrypted environment variables"`;
